[{'id': 1, 'name': '2026년도 5월 인천AI아카데미 교육훈련과정 안내-2026년도 5월 교육비는 반드시 4월에 납부 (2026.05.20~2026.05.22)', 'memberFee': 77000, 'nonMemberFee': 176000, 'link': 'https://incheon.korcham.net/front/event/eventView.do?eventId=20140338415'}, {'id': 2, 'name': '2026년도 5월 사무관리분야 교육훈련과정 안내-2026년도 5월 교육비는 반드시 5월에 납부 (2026.05.12~2026.05.21)', 'memberFee': 77000, 'nonMemberFee': 176000, 'link': 'https://incheon.korcham.net/front/event/eventView.do?eventId=20140338414'}, {'id': 3, 'name': '[오프라인] 2026년도 4월 AI 실무 완성, 채용.평가.보상 (work.ai 우선지원대상기업 90% 환급 과정) (2026.04.22)', 'memberFee': 77000, 'nonMemberFee': 176000, 'link': 'https://incheon.korcham.net/front/event/eventView.do?eventId=20140338310'}, {'id': 4, 'name': '[오프라인 교육] 2026년도 인천 소재 기업을 위한 인사 노무 실전 무료 설명회 (2026.04.20)', 'memberFee': 0, 'nonMemberFee': 0, 'link': 'https://incheon.korcham.net/front/event/eventView.do?eventId=20140338378'}, {'id': 5, 'name': '2026년도 4월 사무관리분야 교육훈련과정 안내-2026년도 4월 교육비는 반드시 4월에 납부 (2026.04.15~2026.04.28)', 'memberFee': 77000, 'nonMemberFee': 176000, 'link': 'https://incheon.korcham.net/front/event/eventView.do?eventId=20140338237'}, {'id': 6, 'name': '2026년도 4월 인천AI아카데미 교육훈련과정 안내-2026년도 4월 교육비는 반드시 4월에 납부 (2026.04.14~2026.04.21)', 'memberFee': 77000, 'nonMemberFee': 176000, 'link': 'https://incheon.korcham.net/front/event/eventView.do?eventId=20140338238'}, {'id': 7, 'name': '[오프라인] 정옥선 대표의 AI로 쉽게 이해하는 데이터 분석과 시각화 활용 (2026.04.21)', 'memberFee': 77000, 'nonMemberFee': 176000, 'link': 'https://incheon.korcham.net/front/event/eventView.do?eventId=20140338296'}, {'id': 8, 'name': '[오프라인 교육] 김동호 대표의 세무사가 알려주지 않는 절세 비법 교육 (2026.04.24)', 'memberFee': 77000, 'nonMemberFee': 176000, 'link': 'https://incheon.korcham.net/front/event/eventView.do?eventId=20140338218'}, {'id': 9, 'name': '[오프라인 교육] 조현석 원장의 재무경영분석 프로그램을 활용한 경영진단 (2026.04.24)', 'memberFee': 77000, 'nonMemberFee': 176000, 'link': 'https://incheon.korcham.net/front/event/eventView.do?eventId=20140338217'}, {'id': 10, 'name': '[오프라인 교육] 강신철 전문위원의 최강 경영을 위한 강한 현장 만들기 (2026.04.28)', 'memberFee': 77000, 'nonMemberFee': 176000, 'link': 'https://incheon.korcham.net/front/event/eventView.do?eventId=20140338219'}, {'id': 11, 'name': '[오프라인 교육] 이중연 교수의 사무실 임대분쟁 총무 대응 기본 교육 (2026.05.12)', 'memberFee': 77000, 'nonMemberFee': 176000, 'link': 'https://incheon.korcham.net/front/event/eventView.do?eventId=20140338397'}, {'id': 12, 'name': '[오프라인 교육] 김우택 회계사의 재무제표 이해 (2026.05.13)', 'memberFee': 77000, 'nonMemberFee': 176000, 'link': 'https://incheon.korcham.net/front/event/eventView.do?eventId=20140338398'}, {'id': 13, 'name': '[오프라인 교육] 목진환 대표의 구매 원가 관리 및 원가절감 실무 1일 과정 (2026.05.14)', 'memberFee': 77000, 'nonMemberFee': 176000, 'link': 'https://incheon.korcham.net/front/event/eventView.do?eventId=20140338399'}, {'id': 14, 'name': '[오프라인 교육] 임성종 회계사의 종합소득세 신고와 실무 교육 (2026.05.15)', 'memberFee': 77000, 'nonMemberFee': 176000, 'link': 'https://incheon.korcham.net/front/event/eventView.do?eventId=20140338400'}, {'id': 15, 'name': '[오프라인 교육] 유근종 노무사의 포괄임금제 및 임금명세서 바로 알기 (2026.05.21)', 'memberFee': 77000, 'nonMemberFee': 176000, 'link': 'https://incheon.korcham.net/front/event/eventView.do?eventId=20140338401'}, {'id': 16, 'name': '[오프라인 교육] 정옥선 대표의 AI 활용 마케팅 광고 콘텐츠 제작 실습 (2026.05.20)', 'memberFee': 77000, 'nonMemberFee': 176000, 'link': 'https://incheon.korcham.net/front/event/eventView.do?eventId=20140338409'}, {'id': 17, 'name': '온라인 FTA 교육 무료 사이트 안내 (2026.01.01~2026.12.31)', 'memberFee': 0, 'nonMemberFee': 0, 'link': 'https://incheon.korcham.net/front/event/eventView.do?eventId=20140332465'}, {'id': 18, 'name': '[오프라인 교육] 손정일 대표의 AI 기반 비즈니스 문서 시각화 작성 실무 (2026.05.22)', 'memberFee': 77000, 'nonMemberFee': 176000, 'link': 'https://incheon.korcham.net/front/event/eventView.do?eventId=20140338410'}, {'id': 19, 'name': '2026년 인천FTA통상진흥센터 연간 교육 및 설명회 일정 안내 (2026.01.01~2026.12.31)', 'memberFee': 77000, 'nonMemberFee': 176000, 'link': 'https://incheon.korcham.net/front/event/eventView.do?eventId=20140338031'}, {'id': 20, 'name': '「FTA 활용의 지름길! 인증수출자 제도와 FTA 실무교육」 참가 안내 (2026.04.22)', 'memberFee': 77000, 'nonMemberFee': 176000, 'link': 'https://incheon.korcham.net/front/event/eventView.do?eventId=20140338326'}]
